// Jest Snapshot v1, https://goo.gl/fbAQLP

exports[`Create Comment component test 1`] = `
<div
  className="sc-bdVaJa hFJNoX"
>
  <div
    className="sc-bwzfXH bAxVqF"
  >
    <input
      className="sc-bxivhb ZaSla"
      onChange={[Function]}
      placeholder="write comment..."
      type="text"
    />
    <button
      className="sc-htpNat fNeiqx"
      onClick={[Function]}
    >
      send
    </button>
  </div>
</div>
`;
