// Jest Snapshot v1, https://goo.gl/fbAQLP

exports[`MainContent component test 1`] = `
<div>
  <div
    className="sc-ckVGcZ knGJNg"
  >
    <button
      className="sc-dxgOiQ ljboaE"
      onClick={[Function]}
    >
      New Article +
    </button>
  </div>
  <div
    className="sc-kpOJdX iVkUSf"
  />
</div>
`;
